// Jest Snapshot v1, https://goo.gl/fbAQLP

exports[`WeatherContainer should match the snapshot 1`] = `
<main
  className="WeatherContainer"
>
  <article
    className="article"
  >
    <header
      className="article--header"
    >
      <h2
        className="h2"
      >
        <div
          className="snow"
        />
        31
        째 and 
        Partly Cloudy
         in 
        Denver, CO
      </h2>
      <span
        className="header--span--feels"
      >
        Feels like: 
        21
        째
      </span>
      <span
        className="header--span--precip"
      >
        Chance of 
        snow
        : 
        51%
      </span>
    </header>
    <div
      className="article--div"
    >
      <p
        className="p"
      >
        Low: 
        19
        째
      </p>
      <p
        className="p"
      >
        Sunrise: 
        6:56 AM
      </p>
      <p
        className="p"
      >
        Wind: 
        3 mph WNW
      </p>
      <p
        className="p"
      >
        High: 
        37
        째
      </p>
      <p
        className="p"
      >
        Sunset: 
        5:17 PM
      </p>
      <p
        className="p"
      >
        Humidity: 
        66%
      </p>
    </div>
  </article>
  <Graph
    data={
      Array [
        Object {
          "data": Array [
            Object {
              "x": "7:00 PM",
              "y": 37,
            },
            Object {
              "x": "8:00 PM",
              "y": 33,
            },
            Object {
              "x": "9:00 PM",
              "y": 31,
            },
            Object {
              "x": "10:00 PM",
              "y": 29,
            },
          ],
          "id": "",
        },
      ]
    }
    high={37}
    low={19}
  />
  <section
    className="section"
  >
    <h3
      className="section--h3"
    >
      7 Day Forecast
    </h3>
    <ForecastBar
      day="Sun"
      high={42}
      humidity="51%"
      icon="partly-cloudy-day"
      key="0"
      low={23}
      max={42}
      min={19}
      precipProbability="4%"
      precipType="snow"
      summary="Partly cloudy until afternoon."
      sunrise="6:31 AM"
      sunset="5:24 PM"
      wind="5 mph SSE"
    />
  </section>
</main>
`;
